// Jest Snapshot v1, https://goo.gl/fbAQLP

exports[`Sidebar No courses 1`] = `
<BrowserRouter>
  <div>
    <Uncontrolled(TabContainer)
      id="left-tabs"
    >
      <Row
        bsClass="row"
        className="clearfix"
        componentClass="div"
      >
        <Col
          bsClass="col"
          componentClass="div"
          sm={3}
        >
          <div
            className="navbar navbar-inverse nav-stacked"
          >
            <div>
              <Link
                replace={false}
                to="TES1000"
              >
                TES1000
              </Link>
            </div>
          </div>
        </Col>
        <Col
          bsClass="col"
          componentClass="div"
          sm={9}
        >
          <TabContent
            animation={true}
            bsClass="tab"
            componentClass="div"
            mountOnEnter={false}
            unmountOnExit={false}
          >
            <Route
              path="/:id"
              render={[Function]}
            />
          </TabContent>
        </Col>
      </Row>
    </Uncontrolled(TabContainer)>
  </div>
</BrowserRouter>
`;

exports[`Sidebar One course 1`] = `
<BrowserRouter>
  <div>
    <Uncontrolled(TabContainer)
      id="left-tabs"
    >
      <Row
        bsClass="row"
        className="clearfix"
        componentClass="div"
      >
        <Col
          bsClass="col"
          componentClass="div"
          sm={3}
        >
          <div
            className="navbar navbar-inverse nav-stacked"
          >
            <div>
              <Link
                replace={false}
                to="TES1000"
              >
                TES1000
              </Link>
            </div>
          </div>
        </Col>
        <Col
          bsClass="col"
          componentClass="div"
          sm={9}
        >
          <TabContent
            animation={true}
            bsClass="tab"
            componentClass="div"
            mountOnEnter={false}
            unmountOnExit={false}
          >
            <Route
              path="/:id"
              render={[Function]}
            />
          </TabContent>
        </Col>
      </Row>
    </Uncontrolled(TabContainer)>
  </div>
</BrowserRouter>
`;
