// Jest Snapshot v1, https://goo.gl/fbAQLP

exports[`AddSession One course 1`] = `
<div
  className="main"
  style={
    Object {
      "marginBottom": 10,
    }
  }
>
  <h4>
    Forgot to start timer?
  </h4>
  <Button
    active={false}
    block={false}
    bsClass="btn"
    bsSize="large"
    bsStyle="primary"
    disabled={false}
    onClick={[Function]}
  >
    Set previous session
  </Button>
  <Modal
    animation={true}
    autoFocus={true}
    backdrop={true}
    bsClass="modal"
    className="modal"
    container={
      AddSession {
        "_reactInternalInstance": ShallowComponentWrapper {
          "_calledComponentWillUnmount": false,
          "_compositeType": 0,
          "_context": Object {},
          "_currentElement": <AddSession
            courseID="TES1000"
      />,
          "_debugID": 1,
          "_hostContainerInfo": null,
          "_hostParent": null,
          "_instance": [Circular],
          "_mountOrder": 1,
          "_pendingCallbacks": null,
          "_pendingElement": null,
          "_pendingForceUpdate": false,
          "_pendingReplaceState": false,
          "_pendingStateQueue": null,
          "_renderedComponent": NoopInternalComponent {
            "_currentElement": <div
              className="main"
              style={
                      Object {
                              "marginBottom": 10,
                            }
              }
      >
              <h4>
                      Forgot to start timer?
              </h4>
              <Button
                      active={false}
                      block={false}
                      bsClass="btn"
                      bsSize="large"
                      bsStyle="primary"
                      disabled={false}
                      onClick={[Function]}
              >
                      Set previous session
              </Button>
              <Modal
                      animation={true}
                      autoFocus={true}
                      backdrop={true}
                      bsClass="modal"
                      className="modal"
                      container={[Circular]}
                      dialogComponentClass={[Function]}
                      enforceFocus={true}
                      keyboard={true}
                      manager={
                              ModalManager {
                                      "containers": Array [],
                                      "data": Array [],
                                      "handleContainerOverflow": true,
                                      "hideSiblingNodes": true,
                                      "modals": Array [],
                                    }
                      }
                      onHide={[Function]}
                      renderBackdrop={[Function]}
                      show={false}
              >
                      <ModalHeader
                              aria-label="Close"
                              bsClass="modal-header"
                              closeButton={true}
                      />
                      <ModalBody
                              bsClass="modal-body"
                              componentClass="div"
                      >
                              <FormGroup
                                      bsClass="form-group"
                                      controlId="datePicker"
                                      validationState="error"
                              >
                                      <ControlLabel
                                              bsClass="control-label"
                                              srOnly={false}
                                      >
                                              Date
                                      </ControlLabel>
                                      <DatePicker
                                              autoFocus={false}
                                              calendarPlacement="bottom"
                                              cellPadding="5px"
                                              clearButtonElement="×"
                                              dateFormat="MM/DD/YYYY"
                                              dayLabels={
                                                      Array [
                                                              "Sun",
                                                              "Mon",
                                                              "Tue",
                                                              "Wed",
                                                              "Thu",
                                                              "Fri",
                                                              "Sat",
                                                            ]
                                              }
                                              disabled={false}
                                              id="example-datepicker"
                                              instanceCount={0}
                                              monthLabels={
                                                      Array [
                                                              "January",
                                                              "February",
                                                              "March",
                                                              "April",
                                                              "May",
                                                              "June",
                                                              "July",
                                                              "August",
                                                              "September",
                                                              "October",
                                                              "November",
                                                              "December",
                                                            ]
                                              }
                                              nextButtonElement=">"
                                              onChange={[Function]}
                                              previousButtonElement="<"
                                              showClearButton={true}
                                              showTodayButton={false}
                                              style={
                                                      Object {
                                                              "width": "100%",
                                                            }
                                              }
                                              todayButtonLabel="Today"
                                              value="2017-04-21T12:49:51.951Z"
                                      />
                              </FormGroup>
                      </ModalBody>
                      <ModalBody
                              bsClass="modal-body"
                              componentClass="div"
                      >
                              <Form
                                      bsClass="form"
                                      className="enter-form"
                                      componentClass="form"
                                      horizontal={false}
                                      inline={true}
                              >
                                      <Label
                                              bsClass="label"
                                              bsStyle="default"
                                      >
                                              Hours:
                                      </Label>
                                      <DropdownButton
                                              id="dropdown-basic"
                                              title={0}
                                      >
                                              <MenuItem
                                                      bsClass="dropdown"
                                                      disabled={false}
                                                      divider={false}
                                                      header={false}
                                                      onClick={[Function]}
                                              />
                                              <MenuItem
                                                      bsClass="dropdown"
                                                      disabled={false}
                                                      divider={false}
                                                      header={false}
                                                      onClick={[Function]}
                                              >
                                                      1
                                              </MenuItem>
                                              <MenuItem
                                                      bsClass="dropdown"
                                                      disabled={false}
                                                      divider={false}
                                                      header={false}
                                                      onClick={[Function]}
                                              >
                                                      2
                                              </MenuItem>
                                              <MenuItem
                                                      bsClass="dropdown"
                                                      disabled={false}
                                                      divider={false}
                                                      header={false}
                                                      onClick={[Function]}
                                              >
                                                      3
                                              </MenuItem>
                                              <MenuItem
                                                      bsClass="dropdown"
                                                      disabled={false}
                                                      divider={false}
                                                      header={false}
                                                      onClick={[Function]}
                                              >
                                                      4
                                              </MenuItem>
                                              <MenuItem
                                                      bsClass="dropdown"
                                                      disabled={false}
                                                      divider={false}
                                                      header={false}
                                                      onClick={[Function]}
                                              >
                                                      5
                                              </MenuItem>
                                              <MenuItem
                                                      bsClass="dropdown"
                                                      disabled={false}
                                                      divider={false}
                                                      header={false}
                                                      onClick={[Function]}
                                              >
                                                      6
                                              </MenuItem>
                                              <MenuItem
                                                      bsClass="dropdown"
                                                      disabled={false}
                                                      divider={false}
                                                      header={false}
                                                      onClick={[Function]}
                                              >
                                                      7
                                              </MenuItem>
                                              <MenuItem
                                                      bsClass="dropdown"
                                                      disabled={false}
                                                      divider={false}
                                                      header={false}
                                                      onClick={[Function]}
                                              >
                                                      8
                                              </MenuItem>
                                              <MenuItem
                                                      bsClass="dropdown"
                                                      disabled={false}
                                                      divider={false}
                                                      header={false}
                                                      onClick={[Function]}
                                              >
                                                      9
                                              </MenuItem>
                                              <MenuItem
                                                      bsClass="dropdown"
                                                      disabled={false}
                                                      divider={false}
                                                      header={false}
                                                      onClick={[Function]}
                                              >
                                                      10
                                              </MenuItem>
                                              <MenuItem
                                                      bsClass="dropdown"
                                                      disabled={false}
                                                      divider={false}
                                                      header={false}
                                                      onClick={[Function]}
                                              >
                                                      11
                                              </MenuItem>
                                              <MenuItem
                                                      bsClass="dropdown"
                                                      disabled={false}
                                                      divider={false}
                                                      header={false}
                                                      onClick={[Function]}
                                              >
                                                      12
                                              </MenuItem>
                                      </DropdownButton>
                                      <Label
                                              bsClass="label"
                                              bsStyle="default"
                                      >
                                              Minutes:
                                      </Label>
                                      <DropdownButton
                                              id="dropdown-basic"
                                              title={0}
                                      >
                                              <MenuItem
                                                      bsClass="dropdown"
                                                      disabled={false}
                                                      divider={false}
                                                      header={false}
                                                      onClick={[Function]}
                                              />
                                              <MenuItem
                                                      bsClass="dropdown"
                                                      disabled={false}
                                                      divider={false}
                                                      header={false}
                                                      onClick={[Function]}
                                              >
                                                      15
                                              </MenuItem>
                                              <MenuItem
                                                      bsClass="dropdown"
                                                      disabled={false}
                                                      divider={false}
                                                      header={false}
                                                      onClick={[Function]}
                                              >
                                                      30
                                              </MenuItem>
                                              <MenuItem
                                                      bsClass="dropdown"
                                                      disabled={false}
                                                      divider={false}
                                                      header={false}
                                                      onClick={[Function]}
                                              >
                                                      45
                                              </MenuItem>
                                      </DropdownButton>
                              </Form>
                      </ModalBody>
                      <ModalFooter
                              bsClass="modal-footer"
                              componentClass="div"
                      >
                              <div>
                                      <Button
                                              active={false}
                                              block={false}
                                              bsClass="btn"
                                              bsStyle="default"
                                              disabled={false}
                                              onClick={[Function]}
                                      >
                                              Save
                                      </Button>
                                      <Button
                                              active={false}
                                              block={false}
                                              bsClass="btn"
                                              bsStyle="default"
                                              disabled={false}
                                              onClick={[Function]}
                                      >
                                              Close
                                      </Button>
                              </div>
                      </ModalFooter>
              </Modal>
      </div>,
            "_debugID": 2,
            "_renderedOutput": <div
              className="main"
              style={
                      Object {
                              "marginBottom": 10,
                            }
              }
      >
              <h4>
                      Forgot to start timer?
              </h4>
              <Button
                      active={false}
                      block={false}
                      bsClass="btn"
                      bsSize="large"
                      bsStyle="primary"
                      disabled={false}
                      onClick={[Function]}
              >
                      Set previous session
              </Button>
              <Modal
                      animation={true}
                      autoFocus={true}
                      backdrop={true}
                      bsClass="modal"
                      className="modal"
                      container={[Circular]}
                      dialogComponentClass={[Function]}
                      enforceFocus={true}
                      keyboard={true}
                      manager={
                              ModalManager {
                                      "containers": Array [],
                                      "data": Array [],
                                      "handleContainerOverflow": true,
                                      "hideSiblingNodes": true,
                                      "modals": Array [],
                                    }
                      }
                      onHide={[Function]}
                      renderBackdrop={[Function]}
                      show={false}
              >
                      <ModalHeader
                              aria-label="Close"
                              bsClass="modal-header"
                              closeButton={true}
                      />
                      <ModalBody
                              bsClass="modal-body"
                              componentClass="div"
                      >
                              <FormGroup
                                      bsClass="form-group"
                                      controlId="datePicker"
                                      validationState="error"
                              >
                                      <ControlLabel
                                              bsClass="control-label"
                                              srOnly={false}
                                      >
                                              Date
                                      </ControlLabel>
                                      <DatePicker
                                              autoFocus={false}
                                              calendarPlacement="bottom"
                                              cellPadding="5px"
                                              clearButtonElement="×"
                                              dateFormat="MM/DD/YYYY"
                                              dayLabels={
                                                      Array [
                                                              "Sun",
                                                              "Mon",
                                                              "Tue",
                                                              "Wed",
                                                              "Thu",
                                                              "Fri",
                                                              "Sat",
                                                            ]
                                              }
                                              disabled={false}
                                              id="example-datepicker"
                                              instanceCount={0}
                                              monthLabels={
                                                      Array [
                                                              "January",
                                                              "February",
                                                              "March",
                                                              "April",
                                                              "May",
                                                              "June",
                                                              "July",
                                                              "August",
                                                              "September",
                                                              "October",
                                                              "November",
                                                              "December",
                                                            ]
                                              }
                                              nextButtonElement=">"
                                              onChange={[Function]}
                                              previousButtonElement="<"
                                              showClearButton={true}
                                              showTodayButton={false}
                                              style={
                                                      Object {
                                                              "width": "100%",
                                                            }
                                              }
                                              todayButtonLabel="Today"
                                              value="2017-04-21T12:49:51.951Z"
                                      />
                              </FormGroup>
                      </ModalBody>
                      <ModalBody
                              bsClass="modal-body"
                              componentClass="div"
                      >
                              <Form
                                      bsClass="form"
                                      className="enter-form"
                                      componentClass="form"
                                      horizontal={false}
                                      inline={true}
                              >
                                      <Label
                                              bsClass="label"
                                              bsStyle="default"
                                      >
                                              Hours:
                                      </Label>
                                      <DropdownButton
                                              id="dropdown-basic"
                                              title={0}
                                      >
                                              <MenuItem
                                                      bsClass="dropdown"
                                                      disabled={false}
                                                      divider={false}
                                                      header={false}
                                                      onClick={[Function]}
                                              />
                                              <MenuItem
                                                      bsClass="dropdown"
                                                      disabled={false}
                                                      divider={false}
                                                      header={false}
                                                      onClick={[Function]}
                                              >
                                                      1
                                              </MenuItem>
                                              <MenuItem
                                                      bsClass="dropdown"
                                                      disabled={false}
                                                      divider={false}
                                                      header={false}
                                                      onClick={[Function]}
                                              >
                                                      2
                                              </MenuItem>
                                              <MenuItem
                                                      bsClass="dropdown"
                                                      disabled={false}
                                                      divider={false}
                                                      header={false}
                                                      onClick={[Function]}
                                              >
                                                      3
                                              </MenuItem>
                                              <MenuItem
                                                      bsClass="dropdown"
                                                      disabled={false}
                                                      divider={false}
                                                      header={false}
                                                      onClick={[Function]}
                                              >
                                                      4
                                              </MenuItem>
                                              <MenuItem
                                                      bsClass="dropdown"
                                                      disabled={false}
                                                      divider={false}
                                                      header={false}
                                                      onClick={[Function]}
                                              >
                                                      5
                                              </MenuItem>
                                              <MenuItem
                                                      bsClass="dropdown"
                                                      disabled={false}
                                                      divider={false}
                                                      header={false}
                                                      onClick={[Function]}
                                              >
                                                      6
                                              </MenuItem>
                                              <MenuItem
                                                      bsClass="dropdown"
                                                      disabled={false}
                                                      divider={false}
                                                      header={false}
                                                      onClick={[Function]}
                                              >
                                                      7
                                              </MenuItem>
                                              <MenuItem
                                                      bsClass="dropdown"
                                                      disabled={false}
                                                      divider={false}
                                                      header={false}
                                                      onClick={[Function]}
                                              >
                                                      8
                                              </MenuItem>
                                              <MenuItem
                                                      bsClass="dropdown"
                                                      disabled={false}
                                                      divider={false}
                                                      header={false}
                                                      onClick={[Function]}
                                              >
                                                      9
                                              </MenuItem>
                                              <MenuItem
                                                      bsClass="dropdown"
                                                      disabled={false}
                                                      divider={false}
                                                      header={false}
                                                      onClick={[Function]}
                                              >
                                                      10
                                              </MenuItem>
                                              <MenuItem
                                                      bsClass="dropdown"
                                                      disabled={false}
                                                      divider={false}
                                                      header={false}
                                                      onClick={[Function]}
                                              >
                                                      11
                                              </MenuItem>
                                              <MenuItem
                                                      bsClass="dropdown"
                                                      disabled={false}
                                                      divider={false}
                                                      header={false}
                                                      onClick={[Function]}
                                              >
                                                      12
                                              </MenuItem>
                                      </DropdownButton>
                                      <Label
                                              bsClass="label"
                                              bsStyle="default"
                                      >
                                              Minutes:
                                      </Label>
                                      <DropdownButton
                                              id="dropdown-basic"
                                              title={0}
                                      >
                                              <MenuItem
                                                      bsClass="dropdown"
                                                      disabled={false}
                                                      divider={false}
                                                      header={false}
                                                      onClick={[Function]}
                                              />
                                              <MenuItem
                                                      bsClass="dropdown"
                                                      disabled={false}
                                                      divider={false}
                                                      header={false}
                                                      onClick={[Function]}
                                              >
                                                      15
                                              </MenuItem>
                                              <MenuItem
                                                      bsClass="dropdown"
                                                      disabled={false}
                                                      divider={false}
                                                      header={false}
                                                      onClick={[Function]}
                                              >
                                                      30
                                              </MenuItem>
                                              <MenuItem
                                                      bsClass="dropdown"
                                                      disabled={false}
                                                      divider={false}
                                                      header={false}
                                                      onClick={[Function]}
                                              >
                                                      45
                                              </MenuItem>
                                      </DropdownButton>
                              </Form>
                      </ModalBody>
                      <ModalFooter
                              bsClass="modal-footer"
                              componentClass="div"
                      >
                              <div>
                                      <Button
                                              active={false}
                                              block={false}
                                              bsClass="btn"
                                              bsStyle="default"
                                              disabled={false}
                                              onClick={[Function]}
                                      >
                                              Save
                                      </Button>
                                      <Button
                                              active={false}
                                              block={false}
                                              bsClass="btn"
                                              bsStyle="default"
                                              disabled={false}
                                              onClick={[Function]}
                                      >
                                              Close
                                      </Button>
                              </div>
                      </ModalFooter>
              </Modal>
      </div>,
          },
          "_renderedNodeType": 0,
          "_rootNodeID": 0,
          "_topLevelWrapper": null,
          "_updateBatchNumber": null,
          "_warnedAboutRefsInRender": false,
        },
        "context": Object {},
        "handleDateChange": [Function],
        "handleDropdownClick": [Function],
        "handleGoalChange": [Function],
        "props": Object {
          "courseID": "TES1000",
        },
        "refs": Object {},
        "setHours": [Function],
        "setMinutes": [Function],
        "state": Object {
          "courseID": "TES1000",
          "date": "2017-04-21T12:49:51.951Z",
          "hourSelected": 0,
          "minSelected": 0,
          "secondsPlanned": 0,
          "show": false,
        },
        "updater": Object {
          "enqueueCallback": [Function],
          "enqueueCallbackInternal": [Function],
          "enqueueElementInternal": [Function],
          "enqueueForceUpdate": [Function],
          "enqueueReplaceState": [Function],
          "enqueueSetState": [Function],
          "isMounted": [Function],
          "validateCallback": [Function],
        },
        "validateState": [Function],
      }
    }
    dialogComponentClass={[Function]}
    enforceFocus={true}
    keyboard={true}
    manager={
      ModalManager {
        "containers": Array [],
        "data": Array [],
        "handleContainerOverflow": true,
        "hideSiblingNodes": true,
        "modals": Array [],
      }
    }
    onHide={[Function]}
    renderBackdrop={[Function]}
    show={false}
  >
    <ModalHeader
      aria-label="Close"
      bsClass="modal-header"
      closeButton={true}
    />
    <ModalBody
      bsClass="modal-body"
      componentClass="div"
    >
      <FormGroup
        bsClass="form-group"
        controlId="datePicker"
        validationState="error"
      >
        <ControlLabel
          bsClass="control-label"
          srOnly={false}
        >
          Date
        </ControlLabel>
        <DatePicker
          autoFocus={false}
          calendarPlacement="bottom"
          cellPadding="5px"
          clearButtonElement="×"
          dateFormat="MM/DD/YYYY"
          dayLabels={
            Array [
              "Sun",
              "Mon",
              "Tue",
              "Wed",
              "Thu",
              "Fri",
              "Sat",
            ]
          }
          disabled={false}
          id="example-datepicker"
          instanceCount={0}
          monthLabels={
            Array [
              "January",
              "February",
              "March",
              "April",
              "May",
              "June",
              "July",
              "August",
              "September",
              "October",
              "November",
              "December",
            ]
          }
          nextButtonElement=">"
          onChange={[Function]}
          previousButtonElement="<"
          showClearButton={true}
          showTodayButton={false}
          style={
            Object {
              "width": "100%",
            }
          }
          todayButtonLabel="Today"
          value="2017-04-21T12:49:51.951Z"
        />
      </FormGroup>
    </ModalBody>
    <ModalBody
      bsClass="modal-body"
      componentClass="div"
    >
      <Form
        bsClass="form"
        className="enter-form"
        componentClass="form"
        horizontal={false}
        inline={true}
      >
        <Label
          bsClass="label"
          bsStyle="default"
        >
          Hours:
        </Label>
        <DropdownButton
          id="dropdown-basic"
          title={0}
        >
          <MenuItem
            bsClass="dropdown"
            disabled={false}
            divider={false}
            header={false}
            onClick={[Function]}
          />
          <MenuItem
            bsClass="dropdown"
            disabled={false}
            divider={false}
            header={false}
            onClick={[Function]}
          >
            1
          </MenuItem>
          <MenuItem
            bsClass="dropdown"
            disabled={false}
            divider={false}
            header={false}
            onClick={[Function]}
          >
            2
          </MenuItem>
          <MenuItem
            bsClass="dropdown"
            disabled={false}
            divider={false}
            header={false}
            onClick={[Function]}
          >
            3
          </MenuItem>
          <MenuItem
            bsClass="dropdown"
            disabled={false}
            divider={false}
            header={false}
            onClick={[Function]}
          >
            4
          </MenuItem>
          <MenuItem
            bsClass="dropdown"
            disabled={false}
            divider={false}
            header={false}
            onClick={[Function]}
          >
            5
          </MenuItem>
          <MenuItem
            bsClass="dropdown"
            disabled={false}
            divider={false}
            header={false}
            onClick={[Function]}
          >
            6
          </MenuItem>
          <MenuItem
            bsClass="dropdown"
            disabled={false}
            divider={false}
            header={false}
            onClick={[Function]}
          >
            7
          </MenuItem>
          <MenuItem
            bsClass="dropdown"
            disabled={false}
            divider={false}
            header={false}
            onClick={[Function]}
          >
            8
          </MenuItem>
          <MenuItem
            bsClass="dropdown"
            disabled={false}
            divider={false}
            header={false}
            onClick={[Function]}
          >
            9
          </MenuItem>
          <MenuItem
            bsClass="dropdown"
            disabled={false}
            divider={false}
            header={false}
            onClick={[Function]}
          >
            10
          </MenuItem>
          <MenuItem
            bsClass="dropdown"
            disabled={false}
            divider={false}
            header={false}
            onClick={[Function]}
          >
            11
          </MenuItem>
          <MenuItem
            bsClass="dropdown"
            disabled={false}
            divider={false}
            header={false}
            onClick={[Function]}
          >
            12
          </MenuItem>
        </DropdownButton>
        <Label
          bsClass="label"
          bsStyle="default"
        >
          Minutes:
        </Label>
        <DropdownButton
          id="dropdown-basic"
          title={0}
        >
          <MenuItem
            bsClass="dropdown"
            disabled={false}
            divider={false}
            header={false}
            onClick={[Function]}
          />
          <MenuItem
            bsClass="dropdown"
            disabled={false}
            divider={false}
            header={false}
            onClick={[Function]}
          >
            15
          </MenuItem>
          <MenuItem
            bsClass="dropdown"
            disabled={false}
            divider={false}
            header={false}
            onClick={[Function]}
          >
            30
          </MenuItem>
          <MenuItem
            bsClass="dropdown"
            disabled={false}
            divider={false}
            header={false}
            onClick={[Function]}
          >
            45
          </MenuItem>
        </DropdownButton>
      </Form>
    </ModalBody>
    <ModalFooter
      bsClass="modal-footer"
      componentClass="div"
    >
      <div>
        <Button
          active={false}
          block={false}
          bsClass="btn"
          bsStyle="default"
          disabled={false}
          onClick={[Function]}
        >
          Save
        </Button>
        <Button
          active={false}
          block={false}
          bsClass="btn"
          bsStyle="default"
          disabled={false}
          onClick={[Function]}
        >
          Close
        </Button>
      </div>
    </ModalFooter>
  </Modal>
</div>
`;
