// Jest Snapshot v1, https://goo.gl/fbAQLP

exports[`Edit Goal One course 1`] = `
<div
  className="main"
>
  <Modal
    animation={true}
    autoFocus={true}
    backdrop={true}
    bsClass="modal"
    className="modal"
    container={
      EditGoal {
        "_reactInternalInstance": ShallowComponentWrapper {
          "_calledComponentWillUnmount": false,
          "_compositeType": 0,
          "_context": Object {},
          "_currentElement": <EditGoal
            courseID="TES1000"
            showModal={true}
            view="Daily Goal"
      />,
          "_debugID": 1,
          "_hostContainerInfo": null,
          "_hostParent": null,
          "_instance": [Circular],
          "_mountOrder": 1,
          "_pendingCallbacks": null,
          "_pendingElement": null,
          "_pendingForceUpdate": false,
          "_pendingReplaceState": false,
          "_pendingStateQueue": null,
          "_renderedComponent": NoopInternalComponent {
            "_currentElement": <div
              className="main"
      >
              <Modal
                      animation={true}
                      autoFocus={true}
                      backdrop={true}
                      bsClass="modal"
                      className="modal"
                      container={[Circular]}
                      dialogComponentClass={[Function]}
                      enforceFocus={true}
                      keyboard={true}
                      manager={
                              ModalManager {
                                      "containers": Array [],
                                      "data": Array [],
                                      "handleContainerOverflow": true,
                                      "hideSiblingNodes": true,
                                      "modals": Array [],
                                    }
                      }
                      onHide={[Function]}
                      renderBackdrop={[Function]}
                      restoreFocus={true}
                      show={true}
              >
                      <ModalHeader
                              aria-label="Close"
                              bsClass="modal-header"
                              closeButton={true}
                      >
                              <Form
                                      bsClass="form"
                                      componentClass="form"
                                      horizontal={false}
                                      inline={true}
                              >
                                      <FormGroup
                                              bsClass="form-group"
                                              className="validation-form"
                                      >
                                              <Label
                                                      bsClass="label"
                                                      bsStyle="default"
                                                      className="bold"
                                              >
                                                      TES1000
                                              </Label>
                                              <Label
                                                      bsClass="label"
                                                      bsStyle="default"
                                                      className="plain-label"
                                              >
                                                      Enter 
                                                      Daily Goal
                                                      :
                                              </Label>
                                      </FormGroup>
                              </Form>
                      </ModalHeader>
                      <ModalBody
                              bsClass="modal-body"
                              componentClass="div"
                      >
                              <div>
                                      <Form
                                              bsClass="form"
                                              className="enter-form"
                                              componentClass="form"
                                              horizontal={false}
                                              inline={true}
                                      >
                                              <Label
                                                      bsClass="label"
                                                      bsStyle="default"
                                                      className="plain-label"
                                              >
                                                      Hours:
                                              </Label>
                                              <DropdownButton
                                                      id="dropdown-basic"
                                                      title="0"
                                              >
                                                      <MenuItem
                                                              bsClass="dropdown"
                                                              disabled={false}
                                                              divider={false}
                                                              header={false}
                                                              onClick={[Function]}
                                                      />
                                                      <MenuItem
                                                              bsClass="dropdown"
                                                              disabled={false}
                                                              divider={false}
                                                              header={false}
                                                              onClick={[Function]}
                                                      >
                                                              1
                                                      </MenuItem>
                                                      <MenuItem
                                                              bsClass="dropdown"
                                                              disabled={false}
                                                              divider={false}
                                                              header={false}
                                                              onClick={[Function]}
                                                      >
                                                              2
                                                      </MenuItem>
                                                      <MenuItem
                                                              bsClass="dropdown"
                                                              disabled={false}
                                                              divider={false}
                                                              header={false}
                                                              onClick={[Function]}
                                                      >
                                                              3
                                                      </MenuItem>
                                                      <MenuItem
                                                              bsClass="dropdown"
                                                              disabled={false}
                                                              divider={false}
                                                              header={false}
                                                              onClick={[Function]}
                                                      >
                                                              4
                                                      </MenuItem>
                                                      <MenuItem
                                                              bsClass="dropdown"
                                                              disabled={false}
                                                              divider={false}
                                                              header={false}
                                                              onClick={[Function]}
                                                      >
                                                              5
                                                      </MenuItem>
                                                      <MenuItem
                                                              bsClass="dropdown"
                                                              disabled={false}
                                                              divider={false}
                                                              header={false}
                                                              onClick={[Function]}
                                                      >
                                                              6
                                                      </MenuItem>
                                                      <MenuItem
                                                              bsClass="dropdown"
                                                              disabled={false}
                                                              divider={false}
                                                              header={false}
                                                              onClick={[Function]}
                                                      >
                                                              7
                                                      </MenuItem>
                                                      <MenuItem
                                                              bsClass="dropdown"
                                                              disabled={false}
                                                              divider={false}
                                                              header={false}
                                                              onClick={[Function]}
                                                      >
                                                              8
                                                      </MenuItem>
                                                      <MenuItem
                                                              bsClass="dropdown"
                                                              disabled={false}
                                                              divider={false}
                                                              header={false}
                                                              onClick={[Function]}
                                                      >
                                                              9
                                                      </MenuItem>
                                                      <MenuItem
                                                              bsClass="dropdown"
                                                              disabled={false}
                                                              divider={false}
                                                              header={false}
                                                              onClick={[Function]}
                                                      >
                                                              10
                                                      </MenuItem>
                                                      <MenuItem
                                                              bsClass="dropdown"
                                                              disabled={false}
                                                              divider={false}
                                                              header={false}
                                                              onClick={[Function]}
                                                      >
                                                              11
                                                      </MenuItem>
                                                      <MenuItem
                                                              bsClass="dropdown"
                                                              disabled={false}
                                                              divider={false}
                                                              header={false}
                                                              onClick={[Function]}
                                                      >
                                                              12
                                                      </MenuItem>
                                              </DropdownButton>
                                              <Label
                                                      bsClass="label"
                                                      bsStyle="default"
                                                      className="plain-label"
                                              >
                                                      Minutes:
                                              </Label>
                                              <DropdownButton
                                                      id="dropdown-basic"
                                                      title="0"
                                              >
                                                      <MenuItem
                                                              bsClass="dropdown"
                                                              disabled={false}
                                                              divider={false}
                                                              header={false}
                                                              onClick={[Function]}
                                                      />
                                                      <MenuItem
                                                              bsClass="dropdown"
                                                              disabled={false}
                                                              divider={false}
                                                              header={false}
                                                              onClick={[Function]}
                                                      >
                                                              15
                                                      </MenuItem>
                                                      <MenuItem
                                                              bsClass="dropdown"
                                                              disabled={false}
                                                              divider={false}
                                                              header={false}
                                                              onClick={[Function]}
                                                      >
                                                              30
                                                      </MenuItem>
                                                      <MenuItem
                                                              bsClass="dropdown"
                                                              disabled={false}
                                                              divider={false}
                                                              header={false}
                                                              onClick={[Function]}
                                                      >
                                                              45
                                                      </MenuItem>
                                              </DropdownButton>
                                      </Form>
                                      <div>
                                              <Label
                                                      bsClass="label"
                                                      bsStyle="default"
                                                      className="help-label"
                                              />
                                      </div>
                                      <Label
                                              bsClass="label"
                                              bsStyle="default"
                                              className="help-label"
                                      >
                                              Teacher expectation not set
                                      </Label>
                              </div>
                      </ModalBody>
                      <ModalFooter
                              bsClass="modal-footer"
                              componentClass="div"
                      >
                              <div>
                                       
                                      <Button
                                              active={false}
                                              block={false}
                                              bsClass="btn"
                                              bsStyle="default"
                                              disabled={false}
                                              onClick={[Function]}
                                      >
                                              Save
                                      </Button>
                                      <Button
                                              active={false}
                                              block={false}
                                              bsClass="btn"
                                              bsStyle="default"
                                              disabled={false}
                                              onClick={[Function]}
                                      >
                                              Close
                                      </Button>
                              </div>
                      </ModalFooter>
              </Modal>
      </div>,
            "_debugID": 2,
            "_renderedOutput": <div
              className="main"
      >
              <Modal
                      animation={true}
                      autoFocus={true}
                      backdrop={true}
                      bsClass="modal"
                      className="modal"
                      container={[Circular]}
                      dialogComponentClass={[Function]}
                      enforceFocus={true}
                      keyboard={true}
                      manager={
                              ModalManager {
                                      "containers": Array [],
                                      "data": Array [],
                                      "handleContainerOverflow": true,
                                      "hideSiblingNodes": true,
                                      "modals": Array [],
                                    }
                      }
                      onHide={[Function]}
                      renderBackdrop={[Function]}
                      restoreFocus={true}
                      show={true}
              >
                      <ModalHeader
                              aria-label="Close"
                              bsClass="modal-header"
                              closeButton={true}
                      >
                              <Form
                                      bsClass="form"
                                      componentClass="form"
                                      horizontal={false}
                                      inline={true}
                              >
                                      <FormGroup
                                              bsClass="form-group"
                                              className="validation-form"
                                      >
                                              <Label
                                                      bsClass="label"
                                                      bsStyle="default"
                                                      className="bold"
                                              >
                                                      TES1000
                                              </Label>
                                              <Label
                                                      bsClass="label"
                                                      bsStyle="default"
                                                      className="plain-label"
                                              >
                                                      Enter 
                                                      Daily Goal
                                                      :
                                              </Label>
                                      </FormGroup>
                              </Form>
                      </ModalHeader>
                      <ModalBody
                              bsClass="modal-body"
                              componentClass="div"
                      >
                              <div>
                                      <Form
                                              bsClass="form"
                                              className="enter-form"
                                              componentClass="form"
                                              horizontal={false}
                                              inline={true}
                                      >
                                              <Label
                                                      bsClass="label"
                                                      bsStyle="default"
                                                      className="plain-label"
                                              >
                                                      Hours:
                                              </Label>
                                              <DropdownButton
                                                      id="dropdown-basic"
                                                      title="0"
                                              >
                                                      <MenuItem
                                                              bsClass="dropdown"
                                                              disabled={false}
                                                              divider={false}
                                                              header={false}
                                                              onClick={[Function]}
                                                      />
                                                      <MenuItem
                                                              bsClass="dropdown"
                                                              disabled={false}
                                                              divider={false}
                                                              header={false}
                                                              onClick={[Function]}
                                                      >
                                                              1
                                                      </MenuItem>
                                                      <MenuItem
                                                              bsClass="dropdown"
                                                              disabled={false}
                                                              divider={false}
                                                              header={false}
                                                              onClick={[Function]}
                                                      >
                                                              2
                                                      </MenuItem>
                                                      <MenuItem
                                                              bsClass="dropdown"
                                                              disabled={false}
                                                              divider={false}
                                                              header={false}
                                                              onClick={[Function]}
                                                      >
                                                              3
                                                      </MenuItem>
                                                      <MenuItem
                                                              bsClass="dropdown"
                                                              disabled={false}
                                                              divider={false}
                                                              header={false}
                                                              onClick={[Function]}
                                                      >
                                                              4
                                                      </MenuItem>
                                                      <MenuItem
                                                              bsClass="dropdown"
                                                              disabled={false}
                                                              divider={false}
                                                              header={false}
                                                              onClick={[Function]}
                                                      >
                                                              5
                                                      </MenuItem>
                                                      <MenuItem
                                                              bsClass="dropdown"
                                                              disabled={false}
                                                              divider={false}
                                                              header={false}
                                                              onClick={[Function]}
                                                      >
                                                              6
                                                      </MenuItem>
                                                      <MenuItem
                                                              bsClass="dropdown"
                                                              disabled={false}
                                                              divider={false}
                                                              header={false}
                                                              onClick={[Function]}
                                                      >
                                                              7
                                                      </MenuItem>
                                                      <MenuItem
                                                              bsClass="dropdown"
                                                              disabled={false}
                                                              divider={false}
                                                              header={false}
                                                              onClick={[Function]}
                                                      >
                                                              8
                                                      </MenuItem>
                                                      <MenuItem
                                                              bsClass="dropdown"
                                                              disabled={false}
                                                              divider={false}
                                                              header={false}
                                                              onClick={[Function]}
                                                      >
                                                              9
                                                      </MenuItem>
                                                      <MenuItem
                                                              bsClass="dropdown"
                                                              disabled={false}
                                                              divider={false}
                                                              header={false}
                                                              onClick={[Function]}
                                                      >
                                                              10
                                                      </MenuItem>
                                                      <MenuItem
                                                              bsClass="dropdown"
                                                              disabled={false}
                                                              divider={false}
                                                              header={false}
                                                              onClick={[Function]}
                                                      >
                                                              11
                                                      </MenuItem>
                                                      <MenuItem
                                                              bsClass="dropdown"
                                                              disabled={false}
                                                              divider={false}
                                                              header={false}
                                                              onClick={[Function]}
                                                      >
                                                              12
                                                      </MenuItem>
                                              </DropdownButton>
                                              <Label
                                                      bsClass="label"
                                                      bsStyle="default"
                                                      className="plain-label"
                                              >
                                                      Minutes:
                                              </Label>
                                              <DropdownButton
                                                      id="dropdown-basic"
                                                      title="0"
                                              >
                                                      <MenuItem
                                                              bsClass="dropdown"
                                                              disabled={false}
                                                              divider={false}
                                                              header={false}
                                                              onClick={[Function]}
                                                      />
                                                      <MenuItem
                                                              bsClass="dropdown"
                                                              disabled={false}
                                                              divider={false}
                                                              header={false}
                                                              onClick={[Function]}
                                                      >
                                                              15
                                                      </MenuItem>
                                                      <MenuItem
                                                              bsClass="dropdown"
                                                              disabled={false}
                                                              divider={false}
                                                              header={false}
                                                              onClick={[Function]}
                                                      >
                                                              30
                                                      </MenuItem>
                                                      <MenuItem
                                                              bsClass="dropdown"
                                                              disabled={false}
                                                              divider={false}
                                                              header={false}
                                                              onClick={[Function]}
                                                      >
                                                              45
                                                      </MenuItem>
                                              </DropdownButton>
                                      </Form>
                                      <div>
                                              <Label
                                                      bsClass="label"
                                                      bsStyle="default"
                                                      className="help-label"
                                              />
                                      </div>
                                      <Label
                                              bsClass="label"
                                              bsStyle="default"
                                              className="help-label"
                                      >
                                              Teacher expectation not set
                                      </Label>
                              </div>
                      </ModalBody>
                      <ModalFooter
                              bsClass="modal-footer"
                              componentClass="div"
                      >
                              <div>
                                       
                                      <Button
                                              active={false}
                                              block={false}
                                              bsClass="btn"
                                              bsStyle="default"
                                              disabled={false}
                                              onClick={[Function]}
                                      >
                                              Save
                                      </Button>
                                      <Button
                                              active={false}
                                              block={false}
                                              bsClass="btn"
                                              bsStyle="default"
                                              disabled={false}
                                              onClick={[Function]}
                                      >
                                              Close
                                      </Button>
                              </div>
                      </ModalFooter>
              </Modal>
      </div>,
          },
          "_renderedNodeType": 0,
          "_rootNodeID": 0,
          "_topLevelWrapper": null,
          "_updateBatchNumber": null,
          "_warnedAboutRefsInRender": false,
        },
        "close": [Function],
        "context": Object {},
        "handleSaveBtn": [Function],
        "handleUseBtn": [Function],
        "props": Object {
          "courseID": "TES1000",
          "showModal": true,
          "view": "Daily Goal",
        },
        "refs": Object {},
        "state": Object {
          "courseID": "TES1000",
          "daySelected": "0",
          "hourSelected": "0",
          "minSelected": "0",
          "showModal": true,
          "teacherRecommendation": null,
          "view": "Daily Goal",
        },
        "updater": Object {
          "enqueueCallback": [Function],
          "enqueueCallbackInternal": [Function],
          "enqueueElementInternal": [Function],
          "enqueueForceUpdate": [Function],
          "enqueueReplaceState": [Function],
          "enqueueSetState": [Function],
          "isMounted": [Function],
          "validateCallback": [Function],
        },
      }
    }
    dialogComponentClass={[Function]}
    enforceFocus={true}
    keyboard={true}
    manager={
      ModalManager {
        "containers": Array [],
        "data": Array [],
        "handleContainerOverflow": true,
        "hideSiblingNodes": true,
        "modals": Array [],
      }
    }
    onHide={[Function]}
    renderBackdrop={[Function]}
    restoreFocus={true}
    show={true}
  >
    <ModalHeader
      aria-label="Close"
      bsClass="modal-header"
      closeButton={true}
    >
      <Form
        bsClass="form"
        componentClass="form"
        horizontal={false}
        inline={true}
      >
        <FormGroup
          bsClass="form-group"
          className="validation-form"
        >
          <Label
            bsClass="label"
            bsStyle="default"
            className="bold"
          >
            TES1000
          </Label>
          <Label
            bsClass="label"
            bsStyle="default"
            className="plain-label"
          >
            Enter 
            Daily Goal
            :
          </Label>
        </FormGroup>
      </Form>
    </ModalHeader>
    <ModalBody
      bsClass="modal-body"
      componentClass="div"
    >
      <div>
        <Form
          bsClass="form"
          className="enter-form"
          componentClass="form"
          horizontal={false}
          inline={true}
        >
          <Label
            bsClass="label"
            bsStyle="default"
            className="plain-label"
          >
            Hours:
          </Label>
          <DropdownButton
            id="dropdown-basic"
            title="0"
          >
            <MenuItem
              bsClass="dropdown"
              disabled={false}
              divider={false}
              header={false}
              onClick={[Function]}
            />
            <MenuItem
              bsClass="dropdown"
              disabled={false}
              divider={false}
              header={false}
              onClick={[Function]}
            >
              1
            </MenuItem>
            <MenuItem
              bsClass="dropdown"
              disabled={false}
              divider={false}
              header={false}
              onClick={[Function]}
            >
              2
            </MenuItem>
            <MenuItem
              bsClass="dropdown"
              disabled={false}
              divider={false}
              header={false}
              onClick={[Function]}
            >
              3
            </MenuItem>
            <MenuItem
              bsClass="dropdown"
              disabled={false}
              divider={false}
              header={false}
              onClick={[Function]}
            >
              4
            </MenuItem>
            <MenuItem
              bsClass="dropdown"
              disabled={false}
              divider={false}
              header={false}
              onClick={[Function]}
            >
              5
            </MenuItem>
            <MenuItem
              bsClass="dropdown"
              disabled={false}
              divider={false}
              header={false}
              onClick={[Function]}
            >
              6
            </MenuItem>
            <MenuItem
              bsClass="dropdown"
              disabled={false}
              divider={false}
              header={false}
              onClick={[Function]}
            >
              7
            </MenuItem>
            <MenuItem
              bsClass="dropdown"
              disabled={false}
              divider={false}
              header={false}
              onClick={[Function]}
            >
              8
            </MenuItem>
            <MenuItem
              bsClass="dropdown"
              disabled={false}
              divider={false}
              header={false}
              onClick={[Function]}
            >
              9
            </MenuItem>
            <MenuItem
              bsClass="dropdown"
              disabled={false}
              divider={false}
              header={false}
              onClick={[Function]}
            >
              10
            </MenuItem>
            <MenuItem
              bsClass="dropdown"
              disabled={false}
              divider={false}
              header={false}
              onClick={[Function]}
            >
              11
            </MenuItem>
            <MenuItem
              bsClass="dropdown"
              disabled={false}
              divider={false}
              header={false}
              onClick={[Function]}
            >
              12
            </MenuItem>
          </DropdownButton>
          <Label
            bsClass="label"
            bsStyle="default"
            className="plain-label"
          >
            Minutes:
          </Label>
          <DropdownButton
            id="dropdown-basic"
            title="0"
          >
            <MenuItem
              bsClass="dropdown"
              disabled={false}
              divider={false}
              header={false}
              onClick={[Function]}
            />
            <MenuItem
              bsClass="dropdown"
              disabled={false}
              divider={false}
              header={false}
              onClick={[Function]}
            >
              15
            </MenuItem>
            <MenuItem
              bsClass="dropdown"
              disabled={false}
              divider={false}
              header={false}
              onClick={[Function]}
            >
              30
            </MenuItem>
            <MenuItem
              bsClass="dropdown"
              disabled={false}
              divider={false}
              header={false}
              onClick={[Function]}
            >
              45
            </MenuItem>
          </DropdownButton>
        </Form>
        <div>
          <Label
            bsClass="label"
            bsStyle="default"
            className="help-label"
          />
        </div>
        <Label
          bsClass="label"
          bsStyle="default"
          className="help-label"
        >
          Teacher expectation not set
        </Label>
      </div>
    </ModalBody>
    <ModalFooter
      bsClass="modal-footer"
      componentClass="div"
    >
      <div>
         
        <Button
          active={false}
          block={false}
          bsClass="btn"
          bsStyle="default"
          disabled={false}
          onClick={[Function]}
        >
          Save
        </Button>
        <Button
          active={false}
          block={false}
          bsClass="btn"
          bsStyle="default"
          disabled={false}
          onClick={[Function]}
        >
          Close
        </Button>
      </div>
    </ModalFooter>
  </Modal>
</div>
`;
