// Jest Snapshot v1, https://goo.gl/fbAQLP

exports[`ManageCourses renders listgroup, searchbar and functional Modal 1`] = `
<h4>
  No courses in database
</h4>
`;

exports[`ManageCourses renders listgroup, searchbar and functional Modal 2`] = `
<div>
  <h5>
    Here you can add and remove courses from the database. 
  </h5>
  <h5>
    You can also add a course to the list of courses you manage.
  </h5>
  <ul
    className="list-group"
  >
    <li
      className="list-group-item"
      style={
        Object {
          "display": "flex",
          "flexDirection": "row",
          "justifyContent": "flex-end",
        }
      }
    >
      <div
        style={
          Object {
            "flexBasis": "90%",
          }
        }
      >
        IT1010
      </div>
      <button
        className="btn btn-success"
        disabled={false}
        onClick={[Function]}
        style={
          Object {
            "marginLeft": "5px",
            "marginRight": "5px",
          }
        }
        type="button"
      >
        Add to My Courses
      </button>
      <button
        className="btn btn-danger"
        disabled={false}
        onClick={[Function]}
        style={
          Object {
            "marginLeft": "5px",
            "marginRight": "5px",
          }
        }
        type="button"
      >
        Delete
      </button>
    </li>
    <li
      className="list-group-item"
      style={
        Object {
          "display": "flex",
          "flexDirection": "row",
          "justifyContent": "flex-end",
        }
      }
    >
      <div
        style={
          Object {
            "flexBasis": "90%",
          }
        }
      >
        TDT4100
      </div>
      <button
        className="btn btn-success"
        disabled={false}
        onClick={[Function]}
        style={
          Object {
            "marginLeft": "5px",
            "marginRight": "5px",
          }
        }
        type="button"
      >
        Add to My Courses
      </button>
      <button
        className="btn btn-danger"
        disabled={false}
        onClick={[Function]}
        style={
          Object {
            "marginLeft": "5px",
            "marginRight": "5px",
          }
        }
        type="button"
      >
        Delete
      </button>
    </li>
  </ul>
  <div
    style={
      Object {
        "display": "flex",
        "flexDirection": "row",
        "justifyContent": "flex-start",
        "marginTop": "10px",
      }
    }
  >
    <div
      className="form-group has-feedback"
    >
      <input
        className="form-control"
        id="searchBar"
        onChange={[Function]}
        onKeyPress={[Function]}
        placeholder="Search"
        type="text"
        value=""
      />
    </div>
    <button
      className="btn btn-primary"
      disabled={false}
      onClick={[Function]}
      style={
        Object {
          "marginLeft": "5px",
          "marginRight": "5px",
        }
      }
      type="submit"
    >
      Add Course 
    </button>
  </div>
  <div />
</div>
`;
