// Jest Snapshot v1, https://goo.gl/fbAQLP

exports[`Specific Course One course 1`] = `
<div>
  <TabView
    course={
      Object {
        "TES1000": Object {
          "active": true,
          "goals": Object {
            "dailyGoal": Object {
              "active": false,
              "timeSet": 0,
              "timeSpent": 0,
              "value": 0,
            },
            "monthlyGoal": Object {
              "active": false,
              "timeSet": 0,
              "timeSpent": 0,
              "value": 0,
            },
            "weeklyGoal": Object {
              "active": false,
              "timeSet": 0,
              "timeSpent": 0,
              "value": 0,
            },
          },
        },
      }
    }
    emne="TES1000"
  />
</div>
`;
