// Jest Snapshot v1, https://goo.gl/fbAQLP

exports[`Stopwatch One course 1`] = `
<Grid
  bsClass="container"
  componentClass="div"
  fluid={true}
>
  <Row
    bsClass="row"
    componentClass="div"
  >
    <Col
      bsClass="col"
      componentClass="div"
      md={7}
    >
      <div
        className="stopwatch"
      >
        <h4>
          Planned Session: 
        </h4>
        <h1
          className="app-timer"
        >
          0:0:00
        </h1>
        <Button
          active={false}
          block={true}
          bsClass="btn"
          bsStyle="default"
          className="btn btn-lg"
          disabled={false}
          onClick={[Function]}
        >
          start
        </Button>
      </div>
      <div>
        <AddSession
          courseID="TES1000"
        />
      </div>
    </Col>
    <Col
      bsClass="col"
      componentClass="div"
      md={1}
    />
    <Col
      bsClass="col"
      componentClass="div"
      md={4}
    >
      <div>
        <PlannedSession
          callbackParent={[Function]}
          emne="TES1000"
        />
      </div>
    </Col>
  </Row>
</Grid>
`;
