// Jest Snapshot v1, https://goo.gl/fbAQLP

exports[`TabView One course 1`] = `
<Uncontrolled(Tabs)
  activeKey={undefined}
  defaultActiveKey="session"
  id="montlyweeklyselecter"
  onSelect={[Function]}
  unmountOnExit={true}
>
  <Tab
    eventKey="session"
    title="Session"
  >
    <Stopwatch
      course={
        Object {
          "TES1000": Object {
            "active": true,
            "goals": Object {
              "dailyGoal": Object {
                "active": false,
                "timeSet": 0,
                "timeSpent": 0,
                "value": 0,
              },
              "monthlyGoal": Object {
                "active": false,
                "timeSet": 0,
                "timeSpent": 0,
                "value": 0,
              },
              "weeklyGoal": Object {
                "active": false,
                "timeSet": 0,
                "timeSpent": 0,
                "value": 0,
              },
            },
          },
        }
      }
      emne="TES1000"
    />
     
  </Tab>
  <Tab
    eventKey="planSession"
    title="Plan Session"
  >
    <SessionPlanner
      course="TES1000"
    />
  </Tab>
  <Tab
    eventKey="goals"
    title="Goals"
  >
    <CircularProgress
      course={
        Object {
          "TES1000": Object {
            "active": true,
            "goals": Object {
              "dailyGoal": Object {
                "active": false,
                "timeSet": 0,
                "timeSpent": 0,
                "value": 0,
              },
              "monthlyGoal": Object {
                "active": false,
                "timeSet": 0,
                "timeSpent": 0,
                "value": 0,
              },
              "weeklyGoal": Object {
                "active": false,
                "timeSet": 0,
                "timeSpent": 0,
                "value": 0,
              },
            },
          },
        }
      }
      courseID="TES1000"
    />
  </Tab>
  <Tab
    eventKey="5"
    title="Past Goals"
  >
    <DropdownButton
      bsStyle="primary"
      className="info-dropdown"
      id={0}
      title="Daily Goals"
    >
      <MenuItem
        bsClass="dropdown"
        disabled={false}
        divider={false}
        eventKey="1"
        header={false}
        onClick={[Function]}
      >
        Daily Goals
      </MenuItem>
      <MenuItem
        bsClass="dropdown"
        disabled={false}
        divider={false}
        eventKey="2"
        header={false}
        onClick={[Function]}
      >
        Weekly Goals
      </MenuItem>
      <MenuItem
        bsClass="dropdown"
        disabled={false}
        divider={false}
        eventKey="3"
        header={false}
        onClick={[Function]}
      >
        Monthly Goals
      </MenuItem>
    </DropdownButton>
    <Results
      course={
        Object {
          "TES1000": Object {
            "active": true,
            "goals": Object {
              "dailyGoal": Object {
                "active": false,
                "timeSet": 0,
                "timeSpent": 0,
                "value": 0,
              },
              "monthlyGoal": Object {
                "active": false,
                "timeSet": 0,
                "timeSpent": 0,
                "value": 0,
              },
              "weeklyGoal": Object {
                "active": false,
                "timeSet": 0,
                "timeSpent": 0,
                "value": 0,
              },
            },
          },
        }
      }
      courseID="TES1000"
      view="Daily Goals"
    />
  </Tab>
</Uncontrolled(Tabs)>
`;
