// Jest Snapshot v1, https://goo.gl/fbAQLP

exports[`Sidebar No courses 1`] = `
<BrowserRouter>
  <div>
    <Uncontrolled(TabContainer)
      activeKey={undefined}
      id="left-tabs"
      onSelect={[Function]}
    >
      <Row
        bsClass="row"
        className="clearfix"
        componentClass="div"
      >
        <Col
          bsClass="col"
          componentClass="div"
          sm={3}
        >
          <Nav
            bsClass="nav"
            bsStyle="pills"
            className="navbar navbar-inverse"
            justified={false}
            pullLeft={false}
            pullRight={false}
            stacked={true}
          >
            <NavItem
              active={false}
              className="navbar-link"
              disabled={false}
              eventKey={0}
            >
              <Link
                replace={false}
                to="/TES1000"
              >
                <div
                  style={
                    Object {
                      "color": "darkgrey",
                      "fontSize": "1.5em",
                      "marginBottom": "-0.3em",
                      "marginTop": "-0.3em",
                    }
                  }
                >
                  TES1000
                </div>
              </Link>
            </NavItem>
          </Nav>
        </Col>
        <Col
          bsClass="col"
          componentClass="div"
          sm={9}
        >
          <TabContent
            animation={true}
            bsClass="tab"
            componentClass="div"
            mountOnEnter={false}
            unmountOnExit={false}
          >
            <Route
              path="/:id"
              render={[Function]}
            />
          </TabContent>
        </Col>
      </Row>
    </Uncontrolled(TabContainer)>
  </div>
</BrowserRouter>
`;

exports[`Sidebar One course 1`] = `
<BrowserRouter>
  <div>
    <Uncontrolled(TabContainer)
      activeKey={undefined}
      id="left-tabs"
      onSelect={[Function]}
    >
      <Row
        bsClass="row"
        className="clearfix"
        componentClass="div"
      >
        <Col
          bsClass="col"
          componentClass="div"
          sm={3}
        >
          <Nav
            bsClass="nav"
            bsStyle="pills"
            className="navbar navbar-inverse"
            justified={false}
            pullLeft={false}
            pullRight={false}
            stacked={true}
          >
            <NavItem
              active={false}
              className="navbar-link"
              disabled={false}
              eventKey={0}
            >
              <Link
                replace={false}
                to="/TES1000"
              >
                <div
                  style={
                    Object {
                      "color": "darkgrey",
                      "fontSize": "1.5em",
                      "marginBottom": "-0.3em",
                      "marginTop": "-0.3em",
                    }
                  }
                >
                  TES1000
                </div>
              </Link>
            </NavItem>
          </Nav>
        </Col>
        <Col
          bsClass="col"
          componentClass="div"
          sm={9}
        >
          <TabContent
            animation={true}
            bsClass="tab"
            componentClass="div"
            mountOnEnter={false}
            unmountOnExit={false}
          >
            <Route
              path="/:id"
              render={[Function]}
            />
          </TabContent>
        </Col>
      </Row>
    </Uncontrolled(TabContainer)>
  </div>
</BrowserRouter>
`;
