// Jest Snapshot v1, https://goo.gl/fbAQLP

exports[`Stopwatch One course 1`] = `
<Grid
  bsClass="container"
  componentClass="div"
  fluid={true}
>
  <Row
    bsClass="row"
    componentClass="div"
  >
    <Col
      bsClass="col"
      componentClass="div"
      md={7}
    >
      <div
        style={
          Object {
            "marginTop": "4%",
          }
        }
      >
        <div
          style={
            Object {
              "fontSize": "500%",
              "textAlign": "center",
            }
          }
        >
          0:0:00
        </div>
        <Button
          active={false}
          block={true}
          bsClass="btn"
          bsStyle="primary"
          className="btn btn-lg"
          disabled={false}
          onClick={[Function]}
          style={
            Object {
              "marginBottom": "10px",
              "textAlign": "center",
            }
          }
        >
          Start
        </Button>
      </div>
      <FeedbackMessage
        active={undefined}
        bsStyle={undefined}
        message={undefined}
      />
      <div>
        <AddSession
          courseID="TES1000"
        />
      </div>
    </Col>
    <Col
      bsClass="col"
      componentClass="div"
      md={1}
    />
    <Col
      bsClass="col"
      componentClass="div"
      md={4}
    >
      <div>
        <PlannedSession
          callbackParent={[Function]}
          course={
            Object {
              "TES1000": Object {
                "active": true,
                "goals": Object {
                  "dailyGoal": Object {
                    "active": false,
                    "timeSet": 0,
                    "timeSpent": 0,
                    "value": 0,
                  },
                  "monthlyGoal": Object {
                    "active": false,
                    "timeSet": 0,
                    "timeSpent": 0,
                    "value": 0,
                  },
                  "weeklyGoal": Object {
                    "active": false,
                    "timeSet": 0,
                    "timeSpent": 0,
                    "value": 0,
                  },
                },
              },
            }
          }
          emne="TES1000"
        />
      </div>
    </Col>
  </Row>
</Grid>
`;
